Downloading dynamic data...
Downloaded bike_counts2026 → /home/ubuntu/velowetter/data/bike_counts2026.csv
Loading data for 9 FK_STANDORT IDs...
Converting CSV → Parquet for bike_counts2026 ...
Full dataset shape: (968218, 4)
Daily shape: (11684, 4), Weekly shape: (1672, 4)
Interactive HTML uploaded to s3://velowetter-site-mark/plots/index.html
Downloading dynamic data...
Downloaded bike_counts2026 → /home/ubuntu/velowetter/data/bike_counts2026.csv
Loading data for 22 FK_STANDORT IDs...
Converting CSV → Parquet for bike_counts2026 ...
Full dataset shape: (3227672, 4)
Daily shape: (37140, 7), Weekly shape: (5324, 7)
Interactive HTML uploaded to s3://velowetter-site-mark/plots/index.html
Downloading dynamic data...
Downloaded bike_counts2026 → /home/ubuntu/velowetter/data/bike_counts2026.csv
Loading data for 22 FK_STANDORT IDs...
Converting CSV → Parquet for bike_counts2026 ...
Full dataset shape: (3237080, 4)
Daily shape: (37238, 7), Weekly shape: (5338, 7)
Interactive HTML uploaded to s3://velowetter-site-mark/plots/index.html
Downloading dynamic data...
Downloaded bike_counts2026 → /home/ubuntu/velowetter/data/bike_counts2026.csv
Loading data for 22 FK_STANDORT IDs...
Converting CSV → Parquet for bike_counts2026 ...
Full dataset shape: (3247448, 4)
Daily shape: (37366, 7), Weekly shape: (5356, 7)
Interactive HTML uploaded to s3://velowetter-site-mark/plots/index.html
Downloading dynamic data...
Downloaded bike_counts2026 → /home/ubuntu/velowetter/data/bike_counts2026.csv
Loading data for 22 FK_STANDORT IDs...
Converting CSV → Parquet for bike_counts2026 ...
Full dataset shape: (3257368, 4)
Daily shape: (37470, 7), Weekly shape: (5370, 7)
Interactive HTML uploaded to s3://velowetter-site-mark/plots/index.html
